V3 3
FL "/home/jeas/Microeletronica/Lab 3/Proj1/Proje1.vhd" 2023/09/24.19:00:16 P.20131013
EN work/Proje1 1695592822 FL "/home/jeas/Microeletronica/Lab 3/Proj1/Proje1.vhd" \
      PB ieee/std_logic_1164 1381692176
AR work/Proje1/hardware 1695592823 \
      FL "/home/jeas/Microeletronica/Lab 3/Proj1/Proje1.vhd" EN work/Proje1 1695592822
