V3 3
FL "/home/jeas/Microeletronica/Lab 1 e 2/reg_mux/reg_mux.vhd" 2023/08/21.20:29:23 P.20131013
EN work/reg_mux 1692660625 \
      FL "/home/jeas/Microeletronica/Lab 1 e 2/reg_mux/reg_mux.vhd" \
      PB ieee/std_logic_1164 1381692176
AR work/reg_mux/Behavioral 1692660626 \
      FL "/home/jeas/Microeletronica/Lab 1 e 2/reg_mux/reg_mux.vhd" \
      EN work/reg_mux 1692660625
