V3 3
FL "C:/Users/Aluno/Desktop/Leonardo Santos/p2-2/somador/somador.vhd" 2023/11/10.15:14:59 P.20131013
EN work/somador 1699640101 \
      FL "C:/Users/Aluno/Desktop/Leonardo Santos/p2-2/somador/somador.vhd" \
      PB ieee/std_logic_1164 1381692176
AR work/somador/Behavioral 1699640102 \
      FL "C:/Users/Aluno/Desktop/Leonardo Santos/p2-2/somador/somador.vhd" \
      EN work/somador 1699640101
