EN display NULL "/home/jeas/Microeletronica/Lab 4 2/proje1/display.vhd" sub00/vhpl02 1696010566
EN proje1 NULL "/home/jeas/Microeletronica/Lab 4 2/proje1/proje1.vhd" sub00/vhpl04 1696010568
AR counter hardware "/home/jeas/Microeletronica/Lab 4 2/proje1/counter.vhd" sub00/vhpl01 1696010565
AR proje1 hardware "/home/jeas/Microeletronica/Lab 4 2/proje1/proje1.vhd" sub00/vhpl05 1696010569
EN counter NULL "/home/jeas/Microeletronica/Lab 4 2/proje1/counter.vhd" sub00/vhpl00 1696010564
AR display hardware "/home/jeas/Microeletronica/Lab 4 2/proje1/display.vhd" sub00/vhpl03 1696010567
