EN display NULL "/home/jeas/Microeletronica/Lab 4 2/proje1/display.vhd" sub00/vhpl02 1695906085
EN proje1 NULL "/home/jeas/Microeletronica/Lab 4 2/proje1/proje1.vhd" sub00/vhpl04 1695906087
AR counter hardware "/home/jeas/Microeletronica/Lab 4 2/proje1/counter.vhd" sub00/vhpl01 1695906084
AR proje1 hardware "/home/jeas/Microeletronica/Lab 4 2/proje1/proje1.vhd" sub00/vhpl05 1695906088
EN counter NULL "/home/jeas/Microeletronica/Lab 4 2/proje1/counter.vhd" sub00/vhpl00 1695906083
AR display hardware "/home/jeas/Microeletronica/Lab 4 2/proje1/display.vhd" sub00/vhpl03 1695906086
