EN display NULL "/home/jeas/Microeletronica/Lab 4 2/proje1/display.vhd" sub00/vhpl02 1696014558
EN proje1 NULL "/home/jeas/Microeletronica/Lab 4 2/proje1/proje1.vhd" sub00/vhpl04 1696014560
AR counter hardware "/home/jeas/Microeletronica/Lab 4 2/proje1/counter.vhd" sub00/vhpl01 1696014557
AR proje1 hardware "/home/jeas/Microeletronica/Lab 4 2/proje1/proje1.vhd" sub00/vhpl05 1696014561
EN counter NULL "/home/jeas/Microeletronica/Lab 4 2/proje1/counter.vhd" sub00/vhpl00 1696014556
AR display hardware "/home/jeas/Microeletronica/Lab 4 2/proje1/display.vhd" sub00/vhpl03 1696014559
