EN display NULL "/home/jeas/Microeletronica/Lab 5/proje1/display.vhd" sub00/vhpl04 1698429121
EN proje1 NULL "/home/jeas/Microeletronica/Lab 5/proje1/proje1.vhd" sub00/vhpl06 1698429123
AR counter hardware "/home/jeas/Microeletronica/Lab 5/proje1/counter.vhd" sub00/vhpl01 1698429118
EN debounce NULL "/home/jeas/Microeletronica/Lab 5/proje1/debounce.vhd" sub00/vhpl02 1698429119
EN counter NULL "/home/jeas/Microeletronica/Lab 5/proje1/counter.vhd" sub00/vhpl00 1698429117
AR debounce behavioral "/home/jeas/Microeletronica/Lab 5/proje1/debounce.vhd" sub00/vhpl03 1698429120
AR proje1 behavioral "/home/jeas/Microeletronica/Lab 5/proje1/proje1.vhd" sub00/vhpl07 1698429124
AR display hardware "/home/jeas/Microeletronica/Lab 5/proje1/display.vhd" sub00/vhpl05 1698429122
