EN display NULL /home/jeas/Microeletronica/PA/Genius/display.vhd sub00/vhpl08 1700854312
AR display behavioral /home/jeas/Microeletronica/PA/Genius/display.vhd sub00/vhpl09 1700854313
AR driver_vga behavioral /home/jeas/Microeletronica/PA/Genius/Driver_VGA.vhd sub00/vhpl05 1700854309
EN genius NULL /home/jeas/Microeletronica/PA/Genius/Genius.vhd sub00/vhpl10 1700854314
EN debounce NULL /home/jeas/Microeletronica/PA/Genius/debounce.vhd sub00/vhpl06 1700854310
EN driver_vga NULL /home/jeas/Microeletronica/PA/Genius/Driver_VGA.vhd sub00/vhpl04 1700854308
AR debounce behavioral /home/jeas/Microeletronica/PA/Genius/debounce.vhd sub00/vhpl07 1700854311
AR genius behavioral /home/jeas/Microeletronica/PA/Genius/Genius.vhd sub00/vhpl11 1700854315
AR font_rom arch /home/jeas/Microeletronica/PA/Genius/char_rom.vhd sub00/vhpl03 1700854307
EN font_rom NULL /home/jeas/Microeletronica/PA/Genius/char_rom.vhd sub00/vhpl02 1700854306
PB modulos modulos /home/jeas/Microeletronica/PA/Genius/modulos.vhd sub00/vhpl01 1700854305
PH modulos NULL /home/jeas/Microeletronica/PA/Genius/modulos.vhd sub00/vhpl00 1700854304
