V3 22
FL /home/jeas/Microeletronica/PA/Genius/char_rom.vhd 2023/11/21.18:22:44 P.20131013
EN work/font_rom 1700854306 FL /home/jeas/Microeletronica/PA/Genius/char_rom.vhd \
      PB ieee/std_logic_1164 1381692176 PB ieee/NUMERIC_STD 1381692181
AR work/font_rom/arch 1700854307 \
      FL /home/jeas/Microeletronica/PA/Genius/char_rom.vhd EN work/font_rom 1700854306
FL /home/jeas/Microeletronica/PA/Genius/debounce.vhd 2023/11/21.18:51:52 P.20131013
EN work/debounce 1700854310 FL /home/jeas/Microeletronica/PA/Genius/debounce.vhd \
      PB ieee/std_logic_1164 1381692176
AR work/debounce/Behavioral 1700854311 \
      FL /home/jeas/Microeletronica/PA/Genius/debounce.vhd EN work/debounce 1700854310
FL /home/jeas/Microeletronica/PA/Genius/display.vhd 2023/11/17.22:00:56 P.20131013
EN work/display 1700854312 FL /home/jeas/Microeletronica/PA/Genius/display.vhd \
      PB ieee/std_logic_1164 1381692176
AR work/display/Behavioral 1700854313 \
      FL /home/jeas/Microeletronica/PA/Genius/display.vhd EN work/display 1700854312
FL /home/jeas/Microeletronica/PA/Genius/Driver_VGA.vhd 2023/11/24.15:09:57 P.20131013
EN work/Driver_VGA 1700854308 \
      FL /home/jeas/Microeletronica/PA/Genius/Driver_VGA.vhd \
      PB ieee/std_logic_1164 1381692176 PB ieee/NUMERIC_STD 1381692181 \
      PB work/modulos 1700854305
AR work/Driver_VGA/Behavioral 1700854309 \
      FL /home/jeas/Microeletronica/PA/Genius/Driver_VGA.vhd EN work/Driver_VGA 1700854308 \
      CP font_rom
FL /home/jeas/Microeletronica/PA/Genius/Genius.vhd 2023/11/24.16:30:53 P.20131013
EN work/Genius 1700854314 FL /home/jeas/Microeletronica/PA/Genius/Genius.vhd \
      PB ieee/std_logic_1164 1381692176 PB ieee/std_logic_arith 1381692177 \
      PB ieee/STD_LOGIC_UNSIGNED 1381692179 PB work/modulos 1700854305
AR work/Genius/Behavioral 1700854315 \
      FL /home/jeas/Microeletronica/PA/Genius/Genius.vhd EN work/Genius 1700854314 \
      CP Driver_VGA CP debounce CP display
FL /home/jeas/Microeletronica/PA/Genius/modulos.vhd 2023/11/24.13:40:54 P.20131013
PH work/modulos 1700854304 FL /home/jeas/Microeletronica/PA/Genius/modulos.vhd \
      PB ieee/std_logic_1164 1381692176
PB work/modulos 1700854305 \
      FL /home/jeas/Microeletronica/PA/Genius/modulos.vhd PH work/modulos 1700854304
