--------------------------------------------------------------------------------
Release 14.7 Trace  (lin64)
Copyright (c) 1995-2013 Xilinx, Inc.  All rights reserved.

/home/jeas/14.7/ISE_DS/ISE/bin/lin64/unwrapped/trce -intstyle ise -v 3 -s 5 -n
3 -fastpaths -xml Proje4.twx Proje4.ncd -o Proje4.twr Proje4.pcf -ucf pins.ucf

Design file:              Proje4.ncd
Physical constraint file: Proje4.pcf
Device,package,speed:     xc3s1200e,fg320,-5 (PRODUCTION 1.27 2013-10-13)
Report level:             verbose report

Environment Variable      Effect 
--------------------      ------ 
NONE                      No environment variables were set
--------------------------------------------------------------------------------

INFO:Timing:2698 - No timing constraints found, doing default enumeration.
INFO:Timing:3412 - To improve timing, see the Timing Closure User Guide (UG612).
INFO:Timing:2752 - To get complete path coverage, use the unconstrained paths 
   option. All paths that are not constrained will be reported in the 
   unconstrained paths section(s) of the report.
INFO:Timing:3339 - The clock-to-out numbers in this timing report are based on 
   a 50 Ohm transmission line loading model.  For the details of this model, 
   and for more information on accounting for different loading conditions, 
   please see the device datasheet.
INFO:Timing:3390 - This architecture does not support a default System Jitter 
   value, please add SYSTEM_JITTER constraint to the UCF to modify the Clock 
   Uncertainty calculation.
INFO:Timing:3389 - This architecture does not support 'Discrete Jitter' and 
   'Phase Error' calculations, these terms will be zero in the Clock 
   Uncertainty calculation.  Please make appropriate modification to 
   SYSTEM_JITTER to account for the unsupported Discrete Jitter and Phase 
   Error.



Data Sheet report:
-----------------
All values displayed in nanoseconds (ns)

Pad to Pad
---------------+---------------+---------+
Source Pad     |Destination Pad|  Delay  |
---------------+---------------+---------+
a<0>           |cout           |   12.959|
a<0>           |y<0>           |    8.706|
a<0>           |y<1>           |    9.318|
a<0>           |y<2>           |   10.311|
a<0>           |y<3>           |   11.198|
a<1>           |cout           |   11.754|
a<1>           |y<1>           |   10.024|
a<1>           |y<2>           |    9.106|
a<1>           |y<3>           |   10.267|
a<2>           |cout           |   10.881|
a<2>           |y<2>           |    8.048|
a<2>           |y<3>           |    9.993|
a<3>           |cout           |    9.100|
a<3>           |y<3>           |    7.977|
b<0>           |cout           |   12.313|
b<0>           |y<0>           |    8.056|
b<0>           |y<1>           |    9.085|
b<0>           |y<2>           |    9.665|
b<0>           |y<3>           |   10.552|
b<1>           |cout           |   11.596|
b<1>           |y<1>           |    9.828|
b<1>           |y<2>           |    8.948|
b<1>           |y<3>           |    9.835|
b<2>           |cout           |   11.290|
b<2>           |y<2>           |    9.283|
b<2>           |y<3>           |   10.402|
b<3>           |cout           |    9.638|
b<3>           |y<3>           |    8.414|
cin            |cout           |    8.469|
cin            |y<0>           |    7.229|
cin            |y<1>           |    8.128|
cin            |y<2>           |    7.032|
cin            |y<3>           |    7.333|
opcode<0>      |cout           |    7.471|
opcode<0>      |y<0>           |    6.771|
opcode<0>      |y<1>           |    7.314|
opcode<0>      |y<2>           |    6.731|
opcode<0>      |y<3>           |    6.855|
opcode<1>      |cout           |    6.542|
opcode<1>      |y<0>           |    7.184|
opcode<1>      |y<1>           |    7.832|
opcode<1>      |y<2>           |    6.238|
opcode<1>      |y<3>           |    6.025|
opcode<2>      |cout           |    7.124|
opcode<2>      |y<0>           |    7.352|
opcode<2>      |y<1>           |    7.590|
opcode<2>      |y<2>           |    6.433|
opcode<2>      |y<3>           |    6.660|
---------------+---------------+---------+


Analysis completed Sun Sep 17 13:10:33 2023 
--------------------------------------------------------------------------------

Trace Settings:
-------------------------
Trace Settings 

Peak Memory Usage: 346 MB



