EN display NULL "/home/jeas/Microeletronica/Lab 3/Proje2/display.vhd" sub00/vhpl03 1695408607
EN proje2 NULL "/home/jeas/Microeletronica/Lab 3/Proje2/Proje2.vhd" sub00/vhpl00 1695415127
AR proje2 hardware "/home/jeas/Microeletronica/Lab 3/Proje2/Proje2.vhd" sub00/vhpl06 1695415128
AR proje2 behavioral "/home/jeas/Microeletronica/Lab 3/Proje2/Proje2.vhd" sub00/vhpl05 1695408610
AR display behavioral "/home/jeas/Microeletronica/Lab 3/Proje2/display.vhd" sub00/vhpl04 1695408608
AR counter hardware "/home/jeas/Microeletronica/Lab 3/Proje2/counter.vhd" sub00/vhpl02 1695408606
EN counter NULL "/home/jeas/Microeletronica/Lab 3/Proje2/counter.vhd" sub00/vhpl01 1695413958
