V3 3
FL "/home/jeas/Microeletronica/Lab 2/Proje1/Proj1.vhd" 2023/09/15.14:28:17 P.20131013
EN work/Proj1 1694799047 FL "/home/jeas/Microeletronica/Lab 2/Proje1/Proj1.vhd" \
      PB ieee/std_logic_1164 1381692176
AR work/Proj1/Behavioral 1694799048 \
      FL "/home/jeas/Microeletronica/Lab 2/Proje1/Proj1.vhd" EN work/Proj1 1694799047
