AR somador_completo behavioral "C:/Users/Aluno/Desktop/Leonardo Santos/p2-2/somador_completo/somador_completo.vhd" sub00/vhpl03 1699644110
EN somador NULL "C:/Users/Aluno/Desktop/Leonardo Santos/p2-2/somador/somador.vhd" sub00/vhpl01 1699644107
AR somador behavioral "C:/Users/Aluno/Desktop/Leonardo Santos/p2-2/somador/somador.vhd" sub00/vhpl02 1699644108
EN somador_completo NULL "C:/Users/Aluno/Desktop/Leonardo Santos/p2-2/somador_completo/somador_completo.vhd" sub00/vhpl00 1699644109
